Please sign in to use App:
1) login
2) exit
Username: Password: Enter a command:
1) register a birth
2) register a marriage
3) renew a vehicle registration
4) process a bill of sale
5) process a payment
6) get a driver abstract
7) signout
First Name: 
Last Name: 
Gender: 
Birth Date: 
Birth Place: 
Mother's First Name: 
Mother's Last Name: 
Father's First Name: 
Father's Last Name: 
Enter details for Mommy Mom
Birth Date: 
Birth Place:
Address: 
Phone Number: 
Enter details for Daddy Dad
Birth Date:
Birth Place:
Address:
Phone Number:
Enter a command:
1) register a birth
2) register a marriage
3) renew a vehicle registration
4) process a bill of sale
5) process a payment
6) get a driver abstract
7) signout
First Name: 
Last Name: 
Gender: 
Birth Date: 
Birth Place: 
Mother's First Name: 
Mother's Last Name: 
Father's First Name: 
Father's Last Name: 
The name Baby BoY is taken, please select a different name for your child
Enter a command:
1) register a birth
2) register a marriage
3) renew a vehicle registration
4) process a bill of sale
5) process a payment
6) get a driver abstract
7) signout
First Name: 
Last Name: 
Gender: 
Birth Date: 
Birth Place: 
Mother's First Name: 
Mother's Last Name: 
Father's First Name: 
Father's Last Name: 
Enter details for Evil Witch
Birth Date: 
Birth Place: 
Address:
Phone Number:
Enter a command:
1) register a birth
2) register a marriage
3) renew a vehicle registration
4) process a bill of sale
5) process a payment
6) get a driver abstract
7) signout
Please sign in to use App:
1) login
2) exit

