Please sign in to use App:
1) login
2) exit
Username: Password: Enter a command:
1) register a birth
2) register a marriage
3) renew a vehicle registration
4) process a bill of sale
5) process a payment
6) get a driver abstract
7) signout
Partner 1 - First Name: Partner 1 - Last Name: Partner 2 - First Name: Partner 2 - Last Name: Enter details for Lover Boy
Birth Date: Birth Place: Address: Phone Number: Enter details for Lover Girl
Birth Date: Birth Place: Address: Phone Number: Enter a command:
1) register a birth
2) register a marriage
3) renew a vehicle registration
4) process a bill of sale
5) process a payment
6) get a driver abstract
7) signout
Partner 1 - First Name: Partner 1 - Last Name: Partner 2 - First Name: Partner 2 - Last Name: Enter details for Other Girl
Birth Date: Birth Place: Address: Phone Number: Enter a command:
1) register a birth
2) register a marriage
3) renew a vehicle registration
4) process a bill of sale
5) process a payment
6) get a driver abstract
7) signout
Partner 1 - First Name: Partner 1 - Last Name: Partner 2 - First Name: Partner 2 - Last Name: Enter a command:
1) register a birth
2) register a marriage
3) renew a vehicle registration
4) process a bill of sale
5) process a payment
6) get a driver abstract
7) signout
Please sign in to use App:
1) login
2) exit

