Please sign in to use App:
1) login
2) exit
Username: Password: Enter a command:
1) register a birth
2) register a marriage
3) renew a vehicle registration
4) process a bill of sale
5) process a payment
6) get a driver abstract
7) signout
Registration Number: No registration found
Enter a command:
1) register a birth
2) register a marriage
3) renew a vehicle registration
4) process a bill of sale
5) process a payment
6) get a driver abstract
7) signout
Registration Number: No registration found
Enter a command:
1) register a birth
2) register a marriage
3) renew a vehicle registration
4) process a bill of sale
5) process a payment
6) get a driver abstract
7) signout
Registration Number: │ Registration Number  │     First Name     │     Last Name      │    Expiry Date     │
╞══════════════════════╪════════════════════╪════════════════════╪════════════════════╡
│          16          │       Speedy       │    McSpeedFace     │     2020-11-02     │
Enter a command:
1) register a birth
2) register a marriage
3) renew a vehicle registration
4) process a bill of sale
5) process a payment
6) get a driver abstract
7) signout
Registration Number: │ Registration Number  │     First Name     │     Last Name      │    Expiry Date     │
╞══════════════════════╪════════════════════╪════════════════════╪════════════════════╡
│          17          │       Speedy       │    McSpeedFace     │     2021-08-08     │
Enter a command:
1) register a birth
2) register a marriage
3) renew a vehicle registration
4) process a bill of sale
5) process a payment
6) get a driver abstract
7) signout
Please sign in to use App:
1) login
2) exit
