expiry
----------
2020-11-04
expiry
----------
2021-08-08
